[Host] Lifecycle log opened at C:\dev\helprojs\city\windows-build-20260602-stack-box-direct-real-bepu-fix6\helengine_windows.startup.log
[Host] Host startup began.
[Host] profile.json was seeded from deployment defaults.
[Host] Main window configured to default client size 1280x720.
[Host] Main window loaded and shown.
[Host] DirectX 11 bootstrap initialized.
[Host] Runtime scene catalog initialized with 1 scene entries.
[Host] Runtime platform info resolved to 'windows' version '1.0.0'.
[Host] 3D physics runtime registered.
[Host] Loading packaged startup scene.
[Host] Loading startup scene from runtime scene catalog entry 'test_scene_dynamic_stack_boxes'.
[Host] Packaged startup scene applied through scene manager.
[Host] Packaged startup scene load completed.
[Host] Packaged startup scene loaded in 0.60 ms.
[Host] Engine core initialized.
[Host] Entering render loop.
[Host] Fatal host/engine exception: Runtime scene 'DemoDiscMainMenu' was not found in the build scene catalog and no scene path resolver was configured.
[Host] Fatal host/engine stack trace.
[Host] Stack[0] 0x7FFD27B267A0 _CxxFrameHandler4 +0x300
[Host] Stack[1] 0x7FFD27B2389E
[Host] Stack[2] 0x7FFD315011E6 RtlCaptureContext2 +0x4A6
[Host] Stack[3] 0x7FF7FCFFDD4A helengine::windows::Win32Application::Run +0x13A (C:\dev\helworks\helengine-windows\src\platform\windows\win32\win32_application.cpp:535)
[Host] Stack[4] 0x7FF7FCFDF272 wWinMain +0x62 (C:\dev\helworks\helengine-windows\src\main.cpp:8)
[Host] Stack[5] 0x7FF7FD69C942 invoke_main +0x32 (D:\a\_work\1\s\src\vctools\crt\vcstartup\src\startup\exe_common.inl:123)
[Host] Stack[6] 0x7FF7FD69C7F2 __scrt_common_main_seh +0x132 (D:\a\_work\1\s\src\vctools\crt\vcstartup\src\startup\exe_common.inl:288)
[Host] Stack[7] 0x7FF7FD69C6AE __scrt_common_main +0xE (D:\a\_work\1\s\src\vctools\crt\vcstartup\src\startup\exe_common.inl:331)
[Host] Stack[8] 0x7FF7FD69C9DE wWinMainCRTStartup +0xE (D:\a\_work\1\s\src\vctools\crt\vcstartup\src\startup\exe_wwinmain.cpp:17)
[Host] Stack[9] 0x7FFD2F24E957 BaseThreadInitThunk +0x17
[Host] Stack[10] 0x7FFD313E427C RtlUserThreadStart +0x2C
