diagnostics.begin path="C:\dev\helprojs\city\windows-build-20260602-ground-cube-probe-direct\helengine_windows.diagnostics.log"
host.event category="lifecycle" message="Host startup began."
host.event category="lifecycle" message="profile.json loaded successfully."
host.event category="lifecycle" message="Main window configured to default client size 1280x720."
host.event category="lifecycle" message="Main window loaded and shown."
host.event category="lifecycle" message="DirectX 11 bootstrap initialized."
host.event category="lifecycle" message="Runtime scene catalog initialized with 1 scene entries."
host.event category="lifecycle" message="Runtime platform info resolved to 'windows' version '1.0.0'."
host.event category="lifecycle" message="3D physics runtime registered."
host.event category="lifecycle" message="Loading packaged startup scene."
host.event category="lifecycle" message="Loading startup scene from runtime scene catalog entry 'ground_cube_probe'."
host.event category="lifecycle" message="Packaged startup scene applied through scene manager."
host.event category="lifecycle" message="Packaged startup scene load completed."
host.event category="lifecycle" message="Packaged startup scene loaded in 1.34 ms."
host.event category="lifecycle" message="Engine core initialized."
host.event category="lifecycle" message="Entering render loop."
host.event category="asset-release" message="Win32RenderManager3D flushed released assets."
asset.build class="model" asset_id="engine:model:cube" build_count=1 duplicate=false live_resource_count=1 detail="positions=24 normals=24 texcoords=24 source_vertex_bytes=768 source_index_bytes=72 vertex_buffer_bytes=768 index_buffer_bytes=72 live_model_buffers=1 live_model_vertex_buffer_bytes=768 live_model_index_buffer_bytes=72"
host.event category="generated-cube-top-face" message="v16=-0.500000,0.500000,-0.500000 v17=0.500000,0.500000,-0.500000 v18=0.500000,0.500000,0.500000 v19=-0.500000,0.500000,0.500000 n16=0.000000,1.000000,0.000000 n17=0.000000,1.000000,0.000000 n18=0.000000,1.000000,0.000000 n19=0.000000,1.000000,0.000000 i24=16 i25=18 i26=17 i27=18 i28=16 i29=19"
asset.build class="texture" asset_id="__generated_runtime_texture_1" build_count=1 duplicate=false live_resource_count=1 detail="width=1 height=1 runtime_asset_id=0 scene_load_stage=LoadComponentBegin root_entity_index=2 entity_depth=0 component_type=helengine.MeshComponent source=generated generated_kind=engine_owned"
asset.build class="material" asset_id="engine:material:standard" build_count=1 duplicate=false live_resource_count=1 detail="shader_asset_id=ForwardStandardShader authored_constant_buffer_count=1 authored_constant_buffer_bytes=16 live_material_shader_resources=1 live_material_constant_buffers=0 live_material_constant_buffer_bytes=0"
host.event category="material-constant-buffer" message="slot=3 size_in_bytes=16 live_material_constant_buffers=1 live_material_constant_buffer_bytes=16"
host.event category="lifecycle" message="Host shutdown requested with exit code 0."
