3d.draw begin
3d.camera_count=1
3d.render_camera viewport=0.000000,0.000000,1280.000000,720.000000
3d.visible_lights=1
3d.ambient_light=0.000000,0.000000,0.000000
3d.packed_lights=1
3d.shadow_light=none
ProbeGround frame=1 world position=0.000000,-0.500000,0.000000 scale=15.000000,1.000000,15.000000 orientation=0.000000,0.000000,0.000000,1.000000 rows=[15.000000,0.000000,0.000000,0.000000][0.000000,1.000000,0.000000,0.000000][0.000000,0.000000,15.000000,0.000000][0.000000,-0.500000,0.000000,1.000000]
ProbeGround rigidbody kind=0 gravity=0 mass=1.000000 linear=0.000000,0.000000,0.000000 angular=0.000000,0.000000,0.000000
ProbeGround collider size=15.000000,1.000000,15.000000 layer=1 mask=65535 trigger=0
3d.material_id=engine:material:standard
3d.material_path=packaged_shader
ProbeCube frame=1 world position=0.000000,10.000000,0.000000 scale=1.000000,1.000000,1.000000 orientation=0.000000,0.000000,0.000000,1.000000 rows=[1.000000,0.000000,0.000000,0.000000][0.000000,1.000000,0.000000,0.000000][0.000000,0.000000,1.000000,0.000000][0.000000,10.000000,0.000000,1.000000]
ProbeCube rigidbody kind=2 gravity=1 mass=1.000000 linear=0.000000,0.000000,0.000000 angular=0.000000,0.000000,0.000000
ProbeCube collider size=1.000000,1.000000,1.000000 layer=1 mask=65535 trigger=0
3d.material_id=engine:material:standard
3d.material_path=packaged_shader
ProbeGround frame=2 world position=0.000000,-0.500000,0.000000 scale=15.000000,1.000000,15.000000 orientation=0.000000,0.000000,0.000000,1.000000 rows=[15.000000,0.000000,0.000000,0.000000][0.000000,1.000000,0.000000,0.000000][0.000000,0.000000,15.000000,0.000000][0.000000,-0.500000,0.000000,1.000000]
ProbeGround rigidbody kind=0 gravity=0 mass=1.000000 linear=0.000000,0.000000,0.000000 angular=0.000000,0.000000,0.000000
ProbeGround collider size=15.000000,1.000000,15.000000 layer=1 mask=65535 trigger=0
ProbeCube frame=2 world position=0.000000,9.959126,0.000000 scale=1.000000,1.000000,1.000000 orientation=0.000000,0.000000,0.000000,1.000000 rows=[1.000000,0.000000,0.000000,0.000000][0.000000,1.000000,0.000000,0.000000][0.000000,0.000000,1.000000,0.000000][0.000000,9.959126,0.000000,1.000000]
ProbeCube rigidbody kind=2 gravity=1 mass=1.000000 linear=0.000000,-0.817500,0.000000 angular=0.000000,0.000000,0.000000
ProbeCube collider size=1.000000,1.000000,1.000000 layer=1 mask=65535 trigger=0
ProbeGround frame=3 world position=0.000000,-0.500000,0.000000 scale=15.000000,1.000000,15.000000 orientation=0.000000,0.000000,0.000000,1.000000 rows=[15.000000,0.000000,0.000000,0.000000][0.000000,1.000000,0.000000,0.000000][0.000000,0.000000,15.000000,0.000000][0.000000,-0.500000,0.000000,1.000000]
ProbeGround rigidbody kind=0 gravity=0 mass=1.000000 linear=0.000000,0.000000,0.000000 angular=0.000000,0.000000,0.000000
ProbeGround collider size=15.000000,1.000000,15.000000 layer=1 mask=65535 trigger=0
ProbeCube frame=3 world position=0.000000,9.959126,0.000000 scale=1.000000,1.000000,1.000000 orientation=0.000000,0.000000,0.000000,1.000000 rows=[1.000000,0.000000,0.000000,0.000000][0.000000,1.000000,0.000000,0.000000][0.000000,0.000000,1.000000,0.000000][0.000000,9.959126,0.000000,1.000000]
ProbeCube rigidbody kind=2 gravity=1 mass=1.000000 linear=0.000000,-0.817500,0.000000 angular=0.000000,0.000000,0.000000
ProbeCube collider size=1.000000,1.000000,1.000000 layer=1 mask=65535 trigger=0
ProbeGround frame=4 world position=0.000000,-0.500000,0.000000 scale=15.000000,1.000000,15.000000 orientation=0.000000,0.000000,0.000000,1.000000 rows=[15.000000,0.000000,0.000000,0.000000][0.000000,1.000000,0.000000,0.000000][0.000000,0.000000,15.000000,0.000000][0.000000,-0.500000,0.000000,1.000000]
ProbeGround rigidbody kind=0 gravity=0 mass=1.000000 linear=0.000000,0.000000,0.000000 angular=0.000000,0.000000,0.000000
ProbeGround collider size=15.000000,1.000000,15.000000 layer=1 mask=65535 trigger=0
ProbeCube frame=4 world position=0.000000,9.959126,0.000000 scale=1.000000,1.000000,1.000000 orientation=0.000000,0.000000,0.000000,1.000000 rows=[1.000000,0.000000,0.000000,0.000000][0.000000,1.000000,0.000000,0.000000][0.000000,0.000000,1.000000,0.000000][0.000000,9.959126,0.000000,1.000000]
ProbeCube rigidbody kind=2 gravity=1 mass=1.000000 linear=0.000000,-0.817500,0.000000 angular=0.000000,0.000000,0.000000
ProbeCube collider size=1.000000,1.000000,1.000000 layer=1 mask=65535 trigger=0
ProbeGround frame=5 world position=0.000000,-0.500000,0.000000 scale=15.000000,1.000000,15.000000 orientation=0.000000,0.000000,0.000000,1.000000 rows=[15.000000,0.000000,0.000000,0.000000][0.000000,1.000000,0.000000,0.000000][0.000000,0.000000,15.000000,0.000000][0.000000,-0.500000,0.000000,1.000000]
ProbeGround rigidbody kind=0 gravity=0 mass=1.000000 linear=0.000000,0.000000,0.000000 angular=0.000000,0.000000,0.000000
ProbeGround collider size=15.000000,1.000000,15.000000 layer=1 mask=65535 trigger=0
ProbeCube frame=5 world position=0.000000,9.959126,0.000000 scale=1.000000,1.000000,1.000000 orientation=0.000000,0.000000,0.000000,1.000000 rows=[1.000000,0.000000,0.000000,0.000000][0.000000,1.000000,0.000000,0.000000][0.000000,0.000000,1.000000,0.000000][0.000000,9.959126,0.000000,1.000000]
ProbeCube rigidbody kind=2 gravity=1 mass=1.000000 linear=0.000000,-0.817500,0.000000 angular=0.000000,0.000000,0.000000
ProbeCube collider size=1.000000,1.000000,1.000000 layer=1 mask=65535 trigger=0
ProbeGround frame=6 world position=0.000000,-0.500000,0.000000 scale=15.000000,1.000000,15.000000 orientation=0.000000,0.000000,0.000000,1.000000 rows=[15.000000,0.000000,0.000000,0.000000][0.000000,1.000000,0.000000,0.000000][0.000000,0.000000,15.000000,0.000000][0.000000,-0.500000,0.000000,1.000000]
ProbeGround rigidbody kind=0 gravity=0 mass=1.000000 linear=0.000000,0.000000,0.000000 angular=0.000000,0.000000,0.000000
ProbeGround collider size=15.000000,1.000000,15.000000 layer=1 mask=65535 trigger=0
ProbeCube frame=6 world position=0.000000,9.942776,0.000000 scale=1.000000,1.000000,1.000000 orientation=0.000000,0.000000,0.000000,1.000000 rows=[1.000000,0.000000,0.000000,0.000000][0.000000,1.000000,0.000000,0.000000][0.000000,0.000000,1.000000,0.000000][0.000000,9.942776,0.000000,1.000000]
ProbeCube rigidbody kind=2 gravity=1 mass=1.000000 linear=0.000000,-0.981000,0.000000 angular=0.000000,0.000000,0.000000
ProbeCube collider size=1.000000,1.000000,1.000000 layer=1 mask=65535 trigger=0
ProbeGround frame=7 world position=0.000000,-0.500000,0.000000 scale=15.000000,1.000000,15.000000 orientation=0.000000,0.000000,0.000000,1.000000 rows=[15.000000,0.000000,0.000000,0.000000][0.000000,1.000000,0.000000,0.000000][0.000000,0.000000,15.000000,0.000000][0.000000,-0.500000,0.000000,1.000000]
ProbeGround rigidbody kind=0 gravity=0 mass=1.000000 linear=0.000000,0.000000,0.000000 angular=0.000000,0.000000,0.000000
ProbeGround collider size=15.000000,1.000000,15.000000 layer=1 mask=65535 trigger=0
ProbeCube frame=7 world position=0.000000,9.923700,0.000000 scale=1.000000,1.000000,1.000000 orientation=0.000000,0.000000,0.000000,1.000000 rows=[1.000000,0.000000,0.000000,0.000000][0.000000,1.000000,0.000000,0.000000][0.000000,0.000000,1.000000,0.000000][0.000000,9.923700,0.000000,1.000000]
ProbeCube rigidbody kind=2 gravity=1 mass=1.000000 linear=0.000000,-1.144500,0.000000 angular=0.000000,0.000000,0.000000
ProbeCube collider size=1.000000,1.000000,1.000000 layer=1 mask=65535 trigger=0
ProbeGround frame=8 world position=0.000000,-0.500000,0.000000 scale=15.000000,1.000000,15.000000 orientation=0.000000,0.000000,0.000000,1.000000 rows=[15.000000,0.000000,0.000000,0.000000][0.000000,1.000000,0.000000,0.000000][0.000000,0.000000,15.000000,0.000000][0.000000,-0.500000,0.000000,1.000000]
ProbeGround rigidbody kind=0 gravity=0 mass=1.000000 linear=0.000000,0.000000,0.000000 angular=0.000000,0.000000,0.000000
ProbeGround collider size=15.000000,1.000000,15.000000 layer=1 mask=65535 trigger=0
ProbeCube frame=8 world position=0.000000,9.901900,0.000000 scale=1.000000,1.000000,1.000000 orientation=0.000000,0.000000,0.000000,1.000000 rows=[1.000000,0.000000,0.000000,0.000000][0.000000,1.000000,0.000000,0.000000][0.000000,0.000000,1.000000,0.000000][0.000000,9.901900,0.000000,1.000000]
ProbeCube rigidbody kind=2 gravity=1 mass=1.000000 linear=0.000000,-1.308000,0.000000 angular=0.000000,0.000000,0.000000
ProbeCube collider size=1.000000,1.000000,1.000000 layer=1 mask=65535 trigger=0
ProbeGround frame=9 world position=0.000000,-0.500000,0.000000 scale=15.000000,1.000000,15.000000 orientation=0.000000,0.000000,0.000000,1.000000 rows=[15.000000,0.000000,0.000000,0.000000][0.000000,1.000000,0.000000,0.000000][0.000000,0.000000,15.000000,0.000000][0.000000,-0.500000,0.000000,1.000000]
ProbeGround rigidbody kind=0 gravity=0 mass=1.000000 linear=0.000000,0.000000,0.000000 angular=0.000000,0.000000,0.000000
ProbeGround collider size=15.000000,1.000000,15.000000 layer=1 mask=65535 trigger=0
ProbeCube frame=9 world position=0.000000,9.877376,0.000000 scale=1.000000,1.000000,1.000000 orientation=0.000000,0.000000,0.000000,1.000000 rows=[1.000000,0.000000,0.000000,0.000000][0.000000,1.000000,0.000000,0.000000][0.000000,0.000000,1.000000,0.000000][0.000000,9.877376,0.000000,1.000000]
ProbeCube rigidbody kind=2 gravity=1 mass=1.000000 linear=0.000000,-1.471500,0.000000 angular=0.000000,0.000000,0.000000
ProbeCube collider size=1.000000,1.000000,1.000000 layer=1 mask=65535 trigger=0
ProbeGround frame=10 world position=0.000000,-0.500000,0.000000 scale=15.000000,1.000000,15.000000 orientation=0.000000,0.000000,0.000000,1.000000 rows=[15.000000,0.000000,0.000000,0.000000][0.000000,1.000000,0.000000,0.000000][0.000000,0.000000,15.000000,0.000000][0.000000,-0.500000,0.000000,1.000000]
ProbeGround rigidbody kind=0 gravity=0 mass=1.000000 linear=0.000000,0.000000,0.000000 angular=0.000000,0.000000,0.000000
ProbeGround collider size=15.000000,1.000000,15.000000 layer=1 mask=65535 trigger=0
ProbeCube frame=10 world position=0.000000,9.850125,0.000000 scale=1.000000,1.000000,1.000000 orientation=0.000000,0.000000,0.000000,1.000000 rows=[1.000000,0.000000,0.000000,0.000000][0.000000,1.000000,0.000000,0.000000][0.000000,0.000000,1.000000,0.000000][0.000000,9.850125,0.000000,1.000000]
ProbeCube rigidbody kind=2 gravity=1 mass=1.000000 linear=0.000000,-1.635000,0.000000 angular=0.000000,0.000000,0.000000
ProbeCube collider size=1.000000,1.000000,1.000000 layer=1 mask=65535 trigger=0
ProbeGround frame=11 world position=0.000000,-0.500000,0.000000 scale=15.000000,1.000000,15.000000 orientation=0.000000,0.000000,0.000000,1.000000 rows=[15.000000,0.000000,0.000000,0.000000][0.000000,1.000000,0.000000,0.000000][0.000000,0.000000,15.000000,0.000000][0.000000,-0.500000,0.000000,1.000000]
ProbeGround rigidbody kind=0 gravity=0 mass=1.000000 linear=0.000000,0.000000,0.000000 angular=0.000000,0.000000,0.000000
ProbeGround collider size=15.000000,1.000000,15.000000 layer=1 mask=65535 trigger=0
ProbeCube frame=11 world position=0.000000,9.820150,0.000000 scale=1.000000,1.000000,1.000000 orientation=0.000000,0.000000,0.000000,1.000000 rows=[1.000000,0.000000,0.000000,0.000000][0.000000,1.000000,0.000000,0.000000][0.000000,0.000000,1.000000,0.000000][0.000000,9.820150,0.000000,1.000000]
ProbeCube rigidbody kind=2 gravity=1 mass=1.000000 linear=0.000000,-1.798500,0.000000 angular=0.000000,0.000000,0.000000
ProbeCube collider size=1.000000,1.000000,1.000000 layer=1 mask=65535 trigger=0
ProbeGround frame=12 world position=0.000000,-0.500000,0.000000 scale=15.000000,1.000000,15.000000 orientation=0.000000,0.000000,0.000000,1.000000 rows=[15.000000,0.000000,0.000000,0.000000][0.000000,1.000000,0.000000,0.000000][0.000000,0.000000,15.000000,0.000000][0.000000,-0.500000,0.000000,1.000000]
ProbeGround rigidbody kind=0 gravity=0 mass=1.000000 linear=0.000000,0.000000,0.000000 angular=0.000000,0.000000,0.000000
ProbeGround collider size=15.000000,1.000000,15.000000 layer=1 mask=65535 trigger=0
ProbeCube frame=12 world position=0.000000,9.787451,0.000000 scale=1.000000,1.000000,1.000000 orientation=0.000000,0.000000,0.000000,1.000000 rows=[1.000000,0.000000,0.000000,0.000000][0.000000,1.000000,0.000000,0.000000][0.000000,0.000000,1.000000,0.000000][0.000000,9.787451,0.000000,1.000000]
ProbeCube rigidbody kind=2 gravity=1 mass=1.000000 linear=0.000000,-1.962000,0.000000 angular=0.000000,0.000000,0.000000
ProbeCube collider size=1.000000,1.000000,1.000000 layer=1 mask=65535 trigger=0
ProbeGround frame=13 world position=0.000000,-0.500000,0.000000 scale=15.000000,1.000000,15.000000 orientation=0.000000,0.000000,0.000000,1.000000 rows=[15.000000,0.000000,0.000000,0.000000][0.000000,1.000000,0.000000,0.000000][0.000000,0.000000,15.000000,0.000000][0.000000,-0.500000,0.000000,1.000000]
ProbeGround rigidbody kind=0 gravity=0 mass=1.000000 linear=0.000000,0.000000,0.000000 angular=0.000000,0.000000,0.000000
ProbeGround collider size=15.000000,1.000000,15.000000 layer=1 mask=65535 trigger=0
ProbeCube frame=13 world position=0.000000,9.752026,0.000000 scale=1.000000,1.000000,1.000000 orientation=0.000000,0.000000,0.000000,1.000000 rows=[1.000000,0.000000,0.000000,0.000000][0.000000,1.000000,0.000000,0.000000][0.000000,0.000000,1.000000,0.000000][0.000000,9.752026,0.000000,1.000000]
ProbeCube rigidbody kind=2 gravity=1 mass=1.000000 linear=0.000000,-2.125500,0.000000 angular=0.000000,0.000000,0.000000
ProbeCube collider size=1.000000,1.000000,1.000000 layer=1 mask=65535 trigger=0
ProbeGround frame=14 world position=0.000000,-0.500000,0.000000 scale=15.000000,1.000000,15.000000 orientation=0.000000,0.000000,0.000000,1.000000 rows=[15.000000,0.000000,0.000000,0.000000][0.000000,1.000000,0.000000,0.000000][0.000000,0.000000,15.000000,0.000000][0.000000,-0.500000,0.000000,1.000000]
ProbeGround rigidbody kind=0 gravity=0 mass=1.000000 linear=0.000000,0.000000,0.000000 angular=0.000000,0.000000,0.000000
ProbeGround collider size=15.000000,1.000000,15.000000 layer=1 mask=65535 trigger=0
ProbeCube frame=14 world position=0.000000,9.713876,0.000000 scale=1.000000,1.000000,1.000000 orientation=0.000000,0.000000,0.000000,1.000000 rows=[1.000000,0.000000,0.000000,0.000000][0.000000,1.000000,0.000000,0.000000][0.000000,0.000000,1.000000,0.000000][0.000000,9.713876,0.000000,1.000000]
ProbeCube rigidbody kind=2 gravity=1 mass=1.000000 linear=0.000000,-2.289001,0.000000 angular=0.000000,0.000000,0.000000
ProbeCube collider size=1.000000,1.000000,1.000000 layer=1 mask=65535 trigger=0
ProbeGround frame=15 world position=0.000000,-0.500000,0.000000 scale=15.000000,1.000000,15.000000 orientation=0.000000,0.000000,0.000000,1.000000 rows=[15.000000,0.000000,0.000000,0.000000][0.000000,1.000000,0.000000,0.000000][0.000000,0.000000,15.000000,0.000000][0.000000,-0.500000,0.000000,1.000000]
ProbeGround rigidbody kind=0 gravity=0 mass=1.000000 linear=0.000000,0.000000,0.000000 angular=0.000000,0.000000,0.000000
ProbeGround collider size=15.000000,1.000000,15.000000 layer=1 mask=65535 trigger=0
ProbeCube frame=15 world position=0.000000,9.673000,0.000000 scale=1.000000,1.000000,1.000000 orientation=0.000000,0.000000,0.000000,1.000000 rows=[1.000000,0.000000,0.000000,0.000000][0.000000,1.000000,0.000000,0.000000][0.000000,0.000000,1.000000,0.000000][0.000000,9.673000,0.000000,1.000000]
ProbeCube rigidbody kind=2 gravity=1 mass=1.000000 linear=0.000000,-2.452501,0.000000 angular=0.000000,0.000000,0.000000
ProbeCube collider size=1.000000,1.000000,1.000000 layer=1 mask=65535 trigger=0
ProbeGround frame=16 world position=0.000000,-0.500000,0.000000 scale=15.000000,1.000000,15.000000 orientation=0.000000,0.000000,0.000000,1.000000 rows=[15.000000,0.000000,0.000000,0.000000][0.000000,1.000000,0.000000,0.000000][0.000000,0.000000,15.000000,0.000000][0.000000,-0.500000,0.000000,1.000000]
ProbeGround rigidbody kind=0 gravity=0 mass=1.000000 linear=0.000000,0.000000,0.000000 angular=0.000000,0.000000,0.000000
ProbeGround collider size=15.000000,1.000000,15.000000 layer=1 mask=65535 trigger=0
ProbeCube frame=16 world position=0.000000,9.629400,0.000000 scale=1.000000,1.000000,1.000000 orientation=0.000000,0.000000,0.000000,1.000000 rows=[1.000000,0.000000,0.000000,0.000000][0.000000,1.000000,0.000000,0.000000][0.000000,0.000000,1.000000,0.000000][0.000000,9.629400,0.000000,1.000000]
ProbeCube rigidbody kind=2 gravity=1 mass=1.000000 linear=0.000000,-2.616001,0.000000 angular=0.000000,0.000000,0.000000
ProbeCube collider size=1.000000,1.000000,1.000000 layer=1 mask=65535 trigger=0
3d.draw begin
3d.camera_count=1
3d.render_camera viewport=0.000000,0.000000,1280.000000,720.000000
3d.visible_lights=1
3d.ambient_light=0.000000,0.000000,0.000000
3d.packed_lights=1
3d.shadow_light=none
ProbeGround frame=1 world position=0.000000,-0.500000,0.000000 scale=15.000000,1.000000,15.000000 orientation=0.000000,0.000000,0.000000,1.000000 rows=[15.000000,0.000000,0.000000,0.000000][0.000000,1.000000,0.000000,0.000000][0.000000,0.000000,15.000000,0.000000][0.000000,-0.500000,0.000000,1.000000]
ProbeGround rigidbody kind=0 gravity=0 mass=1.000000 linear=0.000000,0.000000,0.000000 angular=0.000000,0.000000,0.000000
ProbeGround collider size=15.000000,1.000000,15.000000 layer=1 mask=65535 trigger=0
3d.material_id=engine:material:standard
3d.material_path=packaged_shader
ProbeCube frame=1 world position=0.000000,10.000000,0.000000 scale=1.000000,1.000000,1.000000 orientation=0.000000,0.000000,0.000000,1.000000 rows=[1.000000,0.000000,0.000000,0.000000][0.000000,1.000000,0.000000,0.000000][0.000000,0.000000,1.000000,0.000000][0.000000,10.000000,0.000000,1.000000]
ProbeCube rigidbody kind=2 gravity=1 mass=1.000000 linear=0.000000,0.000000,0.000000 angular=0.000000,0.000000,0.000000
ProbeCube collider size=1.000000,1.000000,1.000000 layer=1 mask=65535 trigger=0
3d.material_id=engine:material:standard
3d.material_path=packaged_shader
ProbeGround frame=2 world position=0.000000,-0.500000,0.000000 scale=15.000000,1.000000,15.000000 orientation=0.000000,0.000000,0.000000,1.000000 rows=[15.000000,0.000000,0.000000,0.000000][0.000000,1.000000,0.000000,0.000000][0.000000,0.000000,15.000000,0.000000][0.000000,-0.500000,0.000000,1.000000]
ProbeGround rigidbody kind=0 gravity=0 mass=1.000000 linear=0.000000,0.000000,0.000000 angular=0.000000,0.000000,0.000000
ProbeGround collider size=15.000000,1.000000,15.000000 layer=1 mask=65535 trigger=0
ProbeCube frame=2 world position=0.000000,9.959126,0.000000 scale=1.000000,1.000000,1.000000 orientation=0.000000,0.000000,0.000000,1.000000 rows=[1.000000,0.000000,0.000000,0.000000][0.000000,1.000000,0.000000,0.000000][0.000000,0.000000,1.000000,0.000000][0.000000,9.959126,0.000000,1.000000]
ProbeCube rigidbody kind=2 gravity=1 mass=1.000000 linear=0.000000,-0.817500,0.000000 angular=0.000000,0.000000,0.000000
ProbeCube collider size=1.000000,1.000000,1.000000 layer=1 mask=65535 trigger=0
ProbeGround frame=3 world position=0.000000,-0.500000,0.000000 scale=15.000000,1.000000,15.000000 orientation=0.000000,0.000000,0.000000,1.000000 rows=[15.000000,0.000000,0.000000,0.000000][0.000000,1.000000,0.000000,0.000000][0.000000,0.000000,15.000000,0.000000][0.000000,-0.500000,0.000000,1.000000]
ProbeGround rigidbody kind=0 gravity=0 mass=1.000000 linear=0.000000,0.000000,0.000000 angular=0.000000,0.000000,0.000000
ProbeGround collider size=15.000000,1.000000,15.000000 layer=1 mask=65535 trigger=0
ProbeCube frame=3 world position=0.000000,9.942776,0.000000 scale=1.000000,1.000000,1.000000 orientation=0.000000,0.000000,0.000000,1.000000 rows=[1.000000,0.000000,0.000000,0.000000][0.000000,1.000000,0.000000,0.000000][0.000000,0.000000,1.000000,0.000000][0.000000,9.942776,0.000000,1.000000]
ProbeCube rigidbody kind=2 gravity=1 mass=1.000000 linear=0.000000,-0.981000,0.000000 angular=0.000000,0.000000,0.000000
ProbeCube collider size=1.000000,1.000000,1.000000 layer=1 mask=65535 trigger=0
ProbeGround frame=4 world position=0.000000,-0.500000,0.000000 scale=15.000000,1.000000,15.000000 orientation=0.000000,0.000000,0.000000,1.000000 rows=[15.000000,0.000000,0.000000,0.000000][0.000000,1.000000,0.000000,0.000000][0.000000,0.000000,15.000000,0.000000][0.000000,-0.500000,0.000000,1.000000]
ProbeGround rigidbody kind=0 gravity=0 mass=1.000000 linear=0.000000,0.000000,0.000000 angular=0.000000,0.000000,0.000000
ProbeGround collider size=15.000000,1.000000,15.000000 layer=1 mask=65535 trigger=0
ProbeCube frame=4 world position=0.000000,9.942776,0.000000 scale=1.000000,1.000000,1.000000 orientation=0.000000,0.000000,0.000000,1.000000 rows=[1.000000,0.000000,0.000000,0.000000][0.000000,1.000000,0.000000,0.000000][0.000000,0.000000,1.000000,0.000000][0.000000,9.942776,0.000000,1.000000]
ProbeCube rigidbody kind=2 gravity=1 mass=1.000000 linear=0.000000,-0.981000,0.000000 angular=0.000000,0.000000,0.000000
ProbeCube collider size=1.000000,1.000000,1.000000 layer=1 mask=65535 trigger=0
ProbeGround frame=5 world position=0.000000,-0.500000,0.000000 scale=15.000000,1.000000,15.000000 orientation=0.000000,0.000000,0.000000,1.000000 rows=[15.000000,0.000000,0.000000,0.000000][0.000000,1.000000,0.000000,0.000000][0.000000,0.000000,15.000000,0.000000][0.000000,-0.500000,0.000000,1.000000]
ProbeGround rigidbody kind=0 gravity=0 mass=1.000000 linear=0.000000,0.000000,0.000000 angular=0.000000,0.000000,0.000000
ProbeGround collider size=15.000000,1.000000,15.000000 layer=1 mask=65535 trigger=0
ProbeCube frame=5 world position=0.000000,9.942776,0.000000 scale=1.000000,1.000000,1.000000 orientation=0.000000,0.000000,0.000000,1.000000 rows=[1.000000,0.000000,0.000000,0.000000][0.000000,1.000000,0.000000,0.000000][0.000000,0.000000,1.000000,0.000000][0.000000,9.942776,0.000000,1.000000]
ProbeCube rigidbody kind=2 gravity=1 mass=1.000000 linear=0.000000,-0.981000,0.000000 angular=0.000000,0.000000,0.000000
ProbeCube collider size=1.000000,1.000000,1.000000 layer=1 mask=65535 trigger=0
ProbeGround frame=6 world position=0.000000,-0.500000,0.000000 scale=15.000000,1.000000,15.000000 orientation=0.000000,0.000000,0.000000,1.000000 rows=[15.000000,0.000000,0.000000,0.000000][0.000000,1.000000,0.000000,0.000000][0.000000,0.000000,15.000000,0.000000][0.000000,-0.500000,0.000000,1.000000]
ProbeGround rigidbody kind=0 gravity=0 mass=1.000000 linear=0.000000,0.000000,0.000000 angular=0.000000,0.000000,0.000000
ProbeGround collider size=15.000000,1.000000,15.000000 layer=1 mask=65535 trigger=0
ProbeCube frame=6 world position=0.000000,9.923700,0.000000 scale=1.000000,1.000000,1.000000 orientation=0.000000,0.000000,0.000000,1.000000 rows=[1.000000,0.000000,0.000000,0.000000][0.000000,1.000000,0.000000,0.000000][0.000000,0.000000,1.000000,0.000000][0.000000,9.923700,0.000000,1.000000]
ProbeCube rigidbody kind=2 gravity=1 mass=1.000000 linear=0.000000,-1.144500,0.000000 angular=0.000000,0.000000,0.000000
ProbeCube collider size=1.000000,1.000000,1.000000 layer=1 mask=65535 trigger=0
ProbeGround frame=7 world position=0.000000,-0.500000,0.000000 scale=15.000000,1.000000,15.000000 orientation=0.000000,0.000000,0.000000,1.000000 rows=[15.000000,0.000000,0.000000,0.000000][0.000000,1.000000,0.000000,0.000000][0.000000,0.000000,15.000000,0.000000][0.000000,-0.500000,0.000000,1.000000]
ProbeGround rigidbody kind=0 gravity=0 mass=1.000000 linear=0.000000,0.000000,0.000000 angular=0.000000,0.000000,0.000000
ProbeGround collider size=15.000000,1.000000,15.000000 layer=1 mask=65535 trigger=0
ProbeCube frame=7 world position=0.000000,9.901900,0.000000 scale=1.000000,1.000000,1.000000 orientation=0.000000,0.000000,0.000000,1.000000 rows=[1.000000,0.000000,0.000000,0.000000][0.000000,1.000000,0.000000,0.000000][0.000000,0.000000,1.000000,0.000000][0.000000,9.901900,0.000000,1.000000]
ProbeCube rigidbody kind=2 gravity=1 mass=1.000000 linear=0.000000,-1.308000,0.000000 angular=0.000000,0.000000,0.000000
ProbeCube collider size=1.000000,1.000000,1.000000 layer=1 mask=65535 trigger=0
ProbeGround frame=8 world position=0.000000,-0.500000,0.000000 scale=15.000000,1.000000,15.000000 orientation=0.000000,0.000000,0.000000,1.000000 rows=[15.000000,0.000000,0.000000,0.000000][0.000000,1.000000,0.000000,0.000000][0.000000,0.000000,15.000000,0.000000][0.000000,-0.500000,0.000000,1.000000]
ProbeGround rigidbody kind=0 gravity=0 mass=1.000000 linear=0.000000,0.000000,0.000000 angular=0.000000,0.000000,0.000000
ProbeGround collider size=15.000000,1.000000,15.000000 layer=1 mask=65535 trigger=0
ProbeCube frame=8 world position=0.000000,9.877376,0.000000 scale=1.000000,1.000000,1.000000 orientation=0.000000,0.000000,0.000000,1.000000 rows=[1.000000,0.000000,0.000000,0.000000][0.000000,1.000000,0.000000,0.000000][0.000000,0.000000,1.000000,0.000000][0.000000,9.877376,0.000000,1.000000]
ProbeCube rigidbody kind=2 gravity=1 mass=1.000000 linear=0.000000,-1.471500,0.000000 angular=0.000000,0.000000,0.000000
ProbeCube collider size=1.000000,1.000000,1.000000 layer=1 mask=65535 trigger=0
ProbeGround frame=9 world position=0.000000,-0.500000,0.000000 scale=15.000000,1.000000,15.000000 orientation=0.000000,0.000000,0.000000,1.000000 rows=[15.000000,0.000000,0.000000,0.000000][0.000000,1.000000,0.000000,0.000000][0.000000,0.000000,15.000000,0.000000][0.000000,-0.500000,0.000000,1.000000]
ProbeGround rigidbody kind=0 gravity=0 mass=1.000000 linear=0.000000,0.000000,0.000000 angular=0.000000,0.000000,0.000000
ProbeGround collider size=15.000000,1.000000,15.000000 layer=1 mask=65535 trigger=0
ProbeCube frame=9 world position=0.000000,9.850125,0.000000 scale=1.000000,1.000000,1.000000 orientation=0.000000,0.000000,0.000000,1.000000 rows=[1.000000,0.000000,0.000000,0.000000][0.000000,1.000000,0.000000,0.000000][0.000000,0.000000,1.000000,0.000000][0.000000,9.850125,0.000000,1.000000]
ProbeCube rigidbody kind=2 gravity=1 mass=1.000000 linear=0.000000,-1.635000,0.000000 angular=0.000000,0.000000,0.000000
ProbeCube collider size=1.000000,1.000000,1.000000 layer=1 mask=65535 trigger=0
ProbeGround frame=10 world position=0.000000,-0.500000,0.000000 scale=15.000000,1.000000,15.000000 orientation=0.000000,0.000000,0.000000,1.000000 rows=[15.000000,0.000000,0.000000,0.000000][0.000000,1.000000,0.000000,0.000000][0.000000,0.000000,15.000000,0.000000][0.000000,-0.500000,0.000000,1.000000]
ProbeGround rigidbody kind=0 gravity=0 mass=1.000000 linear=0.000000,0.000000,0.000000 angular=0.000000,0.000000,0.000000
ProbeGround collider size=15.000000,1.000000,15.000000 layer=1 mask=65535 trigger=0
ProbeCube frame=10 world position=0.000000,9.820150,0.000000 scale=1.000000,1.000000,1.000000 orientation=0.000000,0.000000,0.000000,1.000000 rows=[1.000000,0.000000,0.000000,0.000000][0.000000,1.000000,0.000000,0.000000][0.000000,0.000000,1.000000,0.000000][0.000000,9.820150,0.000000,1.000000]
ProbeCube rigidbody kind=2 gravity=1 mass=1.000000 linear=0.000000,-1.798500,0.000000 angular=0.000000,0.000000,0.000000
ProbeCube collider size=1.000000,1.000000,1.000000 layer=1 mask=65535 trigger=0
ProbeGround frame=11 world position=0.000000,-0.500000,0.000000 scale=15.000000,1.000000,15.000000 orientation=0.000000,0.000000,0.000000,1.000000 rows=[15.000000,0.000000,0.000000,0.000000][0.000000,1.000000,0.000000,0.000000][0.000000,0.000000,15.000000,0.000000][0.000000,-0.500000,0.000000,1.000000]
ProbeGround rigidbody kind=0 gravity=0 mass=1.000000 linear=0.000000,0.000000,0.000000 angular=0.000000,0.000000,0.000000
ProbeGround collider size=15.000000,1.000000,15.000000 layer=1 mask=65535 trigger=0
ProbeCube frame=11 world position=0.000000,9.787451,0.000000 scale=1.000000,1.000000,1.000000 orientation=0.000000,0.000000,0.000000,1.000000 rows=[1.000000,0.000000,0.000000,0.000000][0.000000,1.000000,0.000000,0.000000][0.000000,0.000000,1.000000,0.000000][0.000000,9.787451,0.000000,1.000000]
ProbeCube rigidbody kind=2 gravity=1 mass=1.000000 linear=0.000000,-1.962000,0.000000 angular=0.000000,0.000000,0.000000
ProbeCube collider size=1.000000,1.000000,1.000000 layer=1 mask=65535 trigger=0
ProbeGround frame=12 world position=0.000000,-0.500000,0.000000 scale=15.000000,1.000000,15.000000 orientation=0.000000,0.000000,0.000000,1.000000 rows=[15.000000,0.000000,0.000000,0.000000][0.000000,1.000000,0.000000,0.000000][0.000000,0.000000,15.000000,0.000000][0.000000,-0.500000,0.000000,1.000000]
ProbeGround rigidbody kind=0 gravity=0 mass=1.000000 linear=0.000000,0.000000,0.000000 angular=0.000000,0.000000,0.000000
ProbeGround collider size=15.000000,1.000000,15.000000 layer=1 mask=65535 trigger=0
ProbeCube frame=12 world position=0.000000,9.752026,0.000000 scale=1.000000,1.000000,1.000000 orientation=0.000000,0.000000,0.000000,1.000000 rows=[1.000000,0.000000,0.000000,0.000000][0.000000,1.000000,0.000000,0.000000][0.000000,0.000000,1.000000,0.000000][0.000000,9.752026,0.000000,1.000000]
ProbeCube rigidbody kind=2 gravity=1 mass=1.000000 linear=0.000000,-2.125500,0.000000 angular=0.000000,0.000000,0.000000
ProbeCube collider size=1.000000,1.000000,1.000000 layer=1 mask=65535 trigger=0
ProbeGround frame=13 world position=0.000000,-0.500000,0.000000 scale=15.000000,1.000000,15.000000 orientation=0.000000,0.000000,0.000000,1.000000 rows=[15.000000,0.000000,0.000000,0.000000][0.000000,1.000000,0.000000,0.000000][0.000000,0.000000,15.000000,0.000000][0.000000,-0.500000,0.000000,1.000000]
ProbeGround rigidbody kind=0 gravity=0 mass=1.000000 linear=0.000000,0.000000,0.000000 angular=0.000000,0.000000,0.000000
ProbeGround collider size=15.000000,1.000000,15.000000 layer=1 mask=65535 trigger=0
ProbeCube frame=13 world position=0.000000,9.713876,0.000000 scale=1.000000,1.000000,1.000000 orientation=0.000000,0.000000,0.000000,1.000000 rows=[1.000000,0.000000,0.000000,0.000000][0.000000,1.000000,0.000000,0.000000][0.000000,0.000000,1.000000,0.000000][0.000000,9.713876,0.000000,1.000000]
ProbeCube rigidbody kind=2 gravity=1 mass=1.000000 linear=0.000000,-2.289001,0.000000 angular=0.000000,0.000000,0.000000
ProbeCube collider size=1.000000,1.000000,1.000000 layer=1 mask=65535 trigger=0
ProbeGround frame=14 world position=0.000000,-0.500000,0.000000 scale=15.000000,1.000000,15.000000 orientation=0.000000,0.000000,0.000000,1.000000 rows=[15.000000,0.000000,0.000000,0.000000][0.000000,1.000000,0.000000,0.000000][0.000000,0.000000,15.000000,0.000000][0.000000,-0.500000,0.000000,1.000000]
ProbeGround rigidbody kind=0 gravity=0 mass=1.000000 linear=0.000000,0.000000,0.000000 angular=0.000000,0.000000,0.000000
ProbeGround collider size=15.000000,1.000000,15.000000 layer=1 mask=65535 trigger=0
ProbeCube frame=14 world position=0.000000,9.673000,0.000000 scale=1.000000,1.000000,1.000000 orientation=0.000000,0.000000,0.000000,1.000000 rows=[1.000000,0.000000,0.000000,0.000000][0.000000,1.000000,0.000000,0.000000][0.000000,0.000000,1.000000,0.000000][0.000000,9.673000,0.000000,1.000000]
ProbeCube rigidbody kind=2 gravity=1 mass=1.000000 linear=0.000000,-2.452501,0.000000 angular=0.000000,0.000000,0.000000
ProbeCube collider size=1.000000,1.000000,1.000000 layer=1 mask=65535 trigger=0
ProbeGround frame=15 world position=0.000000,-0.500000,0.000000 scale=15.000000,1.000000,15.000000 orientation=0.000000,0.000000,0.000000,1.000000 rows=[15.000000,0.000000,0.000000,0.000000][0.000000,1.000000,0.000000,0.000000][0.000000,0.000000,15.000000,0.000000][0.000000,-0.500000,0.000000,1.000000]
ProbeGround rigidbody kind=0 gravity=0 mass=1.000000 linear=0.000000,0.000000,0.000000 angular=0.000000,0.000000,0.000000
ProbeGround collider size=15.000000,1.000000,15.000000 layer=1 mask=65535 trigger=0
ProbeCube frame=15 world position=0.000000,9.629400,0.000000 scale=1.000000,1.000000,1.000000 orientation=0.000000,0.000000,0.000000,1.000000 rows=[1.000000,0.000000,0.000000,0.000000][0.000000,1.000000,0.000000,0.000000][0.000000,0.000000,1.000000,0.000000][0.000000,9.629400,0.000000,1.000000]
ProbeCube rigidbody kind=2 gravity=1 mass=1.000000 linear=0.000000,-2.616001,0.000000 angular=0.000000,0.000000,0.000000
ProbeCube collider size=1.000000,1.000000,1.000000 layer=1 mask=65535 trigger=0
ProbeGround frame=16 world position=0.000000,-0.500000,0.000000 scale=15.000000,1.000000,15.000000 orientation=0.000000,0.000000,0.000000,1.000000 rows=[15.000000,0.000000,0.000000,0.000000][0.000000,1.000000,0.000000,0.000000][0.000000,0.000000,15.000000,0.000000][0.000000,-0.500000,0.000000,1.000000]
ProbeGround rigidbody kind=0 gravity=0 mass=1.000000 linear=0.000000,0.000000,0.000000 angular=0.000000,0.000000,0.000000
ProbeGround collider size=15.000000,1.000000,15.000000 layer=1 mask=65535 trigger=0
ProbeCube frame=16 world position=0.000000,9.583076,0.000000 scale=1.000000,1.000000,1.000000 orientation=0.000000,0.000000,0.000000,1.000000 rows=[1.000000,0.000000,0.000000,0.000000][0.000000,1.000000,0.000000,0.000000][0.000000,0.000000,1.000000,0.000000][0.000000,9.583076,0.000000,1.000000]
ProbeCube rigidbody kind=2 gravity=1 mass=1.000000 linear=0.000000,-2.779501,0.000000 angular=0.000000,0.000000,0.000000
ProbeCube collider size=1.000000,1.000000,1.000000 layer=1 mask=65535 trigger=0
