diagnostics.begin path="C:\dev\helprojs\city\windows-build-20260602-colored-cube-grid-direct-fix3\helengine_windows.diagnostics.log"
host.event category="lifecycle" message="Host startup began."
host.event category="lifecycle" message="profile.json loaded successfully."
host.event category="lifecycle" message="Main window configured to default client size 1280x720."
host.event category="lifecycle" message="Main window loaded and shown."
host.event category="lifecycle" message="DirectX 11 bootstrap initialized."
host.event category="lifecycle" message="Runtime scene catalog initialized with 1 scene entries."
host.event category="lifecycle" message="Runtime platform info resolved to 'windows' version '1.0.0'."
host.event category="lifecycle" message="Loading packaged startup scene."
host.event category="lifecycle" message="Loading startup scene from runtime scene catalog entry 'colored_cube_grid'."
host.event category="lifecycle" message="Packaged startup scene applied through scene manager."
host.event category="lifecycle" message="Packaged startup scene load completed."
host.event category="lifecycle" message="Packaged startup scene loaded in 1.13 ms."
host.event category="lifecycle" message="Engine core initialized."
host.event category="lifecycle" message="Entering render loop."
host.event category="asset-release" message="Win32RenderManager3D flushed released assets."
asset.build class="model" asset_id="engine:model:cube" build_count=1 duplicate=false live_resource_count=1 detail="positions=24 normals=24 texcoords=24 source_vertex_bytes=768 source_index_bytes=72 vertex_buffer_bytes=768 index_buffer_bytes=72 live_model_buffers=1 live_model_vertex_buffer_bytes=768 live_model_index_buffer_bytes=72"
host.event category="generated-cube-top-face" message="v16=-0.500000,0.500000,-0.500000 v17=0.500000,0.500000,-0.500000 v18=0.500000,0.500000,0.500000 v19=-0.500000,0.500000,0.500000 n16=0.000000,1.000000,0.000000 n17=0.000000,1.000000,0.000000 n18=0.000000,1.000000,0.000000 n19=0.000000,1.000000,0.000000 i24=16 i25=18 i26=17 i27=18 i28=16 i29=19"
asset.build class="texture" asset_id="__generated_runtime_texture_1" build_count=1 duplicate=false live_resource_count=1 detail="width=1 height=1 runtime_asset_id=0 scene_load_stage=LoadComponentBegin root_entity_index=0 entity_depth=0 component_type=helengine.MeshComponent source=generated generated_kind=engine_owned"
asset.build class="material" asset_id="Materials.rendering.colored_cube_grid.Cube00" build_count=1 duplicate=false live_resource_count=1 detail="shader_asset_id=ForwardStandardShader authored_constant_buffer_count=1 authored_constant_buffer_bytes=16 live_material_shader_resources=1 live_material_constant_buffers=0 live_material_constant_buffer_bytes=0"
asset.build class="material" asset_id="Materials.rendering.colored_cube_grid.Cube01" build_count=1 duplicate=false live_resource_count=2 detail="shader_asset_id=ForwardStandardShader authored_constant_buffer_count=1 authored_constant_buffer_bytes=16 live_material_shader_resources=2 live_material_constant_buffers=0 live_material_constant_buffer_bytes=0"
asset.build class="material" asset_id="Materials.rendering.colored_cube_grid.Cube02" build_count=1 duplicate=false live_resource_count=3 detail="shader_asset_id=ForwardStandardShader authored_constant_buffer_count=1 authored_constant_buffer_bytes=16 live_material_shader_resources=3 live_material_constant_buffers=0 live_material_constant_buffer_bytes=0"
asset.build class="material" asset_id="Materials.rendering.colored_cube_grid.Cube03" build_count=1 duplicate=false live_resource_count=4 detail="shader_asset_id=ForwardStandardShader authored_constant_buffer_count=1 authored_constant_buffer_bytes=16 live_material_shader_resources=4 live_material_constant_buffers=0 live_material_constant_buffer_bytes=0"
asset.build class="material" asset_id="Materials.rendering.colored_cube_grid.Cube04" build_count=1 duplicate=false live_resource_count=5 detail="shader_asset_id=ForwardStandardShader authored_constant_buffer_count=1 authored_constant_buffer_bytes=16 live_material_shader_resources=5 live_material_constant_buffers=0 live_material_constant_buffer_bytes=0"
asset.build class="material" asset_id="Materials.rendering.colored_cube_grid.Cube05" build_count=1 duplicate=false live_resource_count=6 detail="shader_asset_id=ForwardStandardShader authored_constant_buffer_count=1 authored_constant_buffer_bytes=16 live_material_shader_resources=6 live_material_constant_buffers=0 live_material_constant_buffer_bytes=0"
asset.build class="material" asset_id="Materials.rendering.colored_cube_grid.Cube06" build_count=1 duplicate=false live_resource_count=7 detail="shader_asset_id=ForwardStandardShader authored_constant_buffer_count=1 authored_constant_buffer_bytes=16 live_material_shader_resources=7 live_material_constant_buffers=0 live_material_constant_buffer_bytes=0"
asset.build class="material" asset_id="Materials.rendering.colored_cube_grid.Cube07" build_count=1 duplicate=false live_resource_count=8 detail="shader_asset_id=ForwardStandardShader authored_constant_buffer_count=1 authored_constant_buffer_bytes=16 live_material_shader_resources=8 live_material_constant_buffers=0 live_material_constant_buffer_bytes=0"
asset.build class="material" asset_id="Materials.rendering.colored_cube_grid.Cube08" build_count=1 duplicate=false live_resource_count=9 detail="shader_asset_id=ForwardStandardShader authored_constant_buffer_count=1 authored_constant_buffer_bytes=16 live_material_shader_resources=9 live_material_constant_buffers=0 live_material_constant_buffer_bytes=0"
asset.build class="material" asset_id="Materials.rendering.colored_cube_grid.Cube09" build_count=1 duplicate=false live_resource_count=10 detail="shader_asset_id=ForwardStandardShader authored_constant_buffer_count=1 authored_constant_buffer_bytes=16 live_material_shader_resources=10 live_material_constant_buffers=0 live_material_constant_buffer_bytes=0"
asset.build class="material" asset_id="Materials.rendering.colored_cube_grid.Cube10" build_count=1 duplicate=false live_resource_count=11 detail="shader_asset_id=ForwardStandardShader authored_constant_buffer_count=1 authored_constant_buffer_bytes=16 live_material_shader_resources=11 live_material_constant_buffers=0 live_material_constant_buffer_bytes=0"
asset.build class="material" asset_id="Materials.rendering.colored_cube_grid.Cube11" build_count=1 duplicate=false live_resource_count=12 detail="shader_asset_id=ForwardStandardShader authored_constant_buffer_count=1 authored_constant_buffer_bytes=16 live_material_shader_resources=12 live_material_constant_buffers=0 live_material_constant_buffer_bytes=0"
asset.build class="material" asset_id="Materials.rendering.colored_cube_grid.Cube12" build_count=1 duplicate=false live_resource_count=13 detail="shader_asset_id=ForwardStandardShader authored_constant_buffer_count=1 authored_constant_buffer_bytes=16 live_material_shader_resources=13 live_material_constant_buffers=0 live_material_constant_buffer_bytes=0"
asset.build class="material" asset_id="Materials.rendering.colored_cube_grid.Cube13" build_count=1 duplicate=false live_resource_count=14 detail="shader_asset_id=ForwardStandardShader authored_constant_buffer_count=1 authored_constant_buffer_bytes=16 live_material_shader_resources=14 live_material_constant_buffers=0 live_material_constant_buffer_bytes=0"
asset.build class="material" asset_id="Materials.rendering.colored_cube_grid.Cube14" build_count=1 duplicate=false live_resource_count=15 detail="shader_asset_id=ForwardStandardShader authored_constant_buffer_count=1 authored_constant_buffer_bytes=16 live_material_shader_resources=15 live_material_constant_buffers=0 live_material_constant_buffer_bytes=0"
asset.build class="material" asset_id="Materials.rendering.colored_cube_grid.Cube15" build_count=1 duplicate=false live_resource_count=16 detail="shader_asset_id=ForwardStandardShader authored_constant_buffer_count=1 authored_constant_buffer_bytes=16 live_material_shader_resources=16 live_material_constant_buffers=0 live_material_constant_buffer_bytes=0"
asset.build class="texture" asset_id="221b5f594c4b53c0165b2aa88dee6bb81c65c975dfdbc826701fa99841e7ba38" build_count=1 duplicate=false live_resource_count=2 detail="width=45 height=45 runtime_asset_id=1413093147629427257 scene_load_stage=LoadComponentBegin root_entity_index=17 entity_depth=3 component_type=helengine.SpriteComponent source=authored"
asset.build class="texture" asset_id="92dcd57f56f8dede60b34d728253acfef8c862a11cb610e5886e103cbd4a486d" build_count=1 duplicate=false live_resource_count=3 detail="width=46 height=63 runtime_asset_id=17719169880110976594 scene_load_stage=LoadComponentBegin root_entity_index=17 entity_depth=3 component_type=helengine.SpriteComponent source=authored"
asset.build class="texture" asset_id="bb47c665caec46011b38cb6c944f7a72dec5a894ecd38db7b25eb9ab828a80de" build_count=1 duplicate=false live_resource_count=4 detail="width=99 height=99 runtime_asset_id=7830946164930787839 scene_load_stage=LoadComponentBegin root_entity_index=17 entity_depth=3 component_type=helengine.SpriteComponent source=authored"
asset.build class="texture" asset_id="__generated_runtime_texture_2" build_count=1 duplicate=false live_resource_count=5 detail="width=256 height=128 runtime_asset_id=0 scene_load_stage=LoadComponentBegin root_entity_index=17 entity_depth=2 component_type=helengine.TextComponent source=generated generated_kind=unlabeled"
asset.build class="texture" asset_id="b9f5a9347926f890de79ce690e79540188288e6e5d1c02da461cbd96d88bf9ea" build_count=1 duplicate=false live_resource_count=6 detail="width=73 height=42 runtime_asset_id=1845388269204373965 scene_load_stage=LoadComponentBegin root_entity_index=17 entity_depth=3 component_type=helengine.SpriteComponent source=authored"
asset.build class="texture" asset_id="83b4515dcef3b4e70fa8f6dc886129072c3fb42c57776477a02f5fefa3b3e7db" build_count=1 duplicate=false live_resource_count=7 detail="width=64 height=64 runtime_asset_id=9403169097730524099 scene_load_stage=LoadComponentBegin root_entity_index=17 entity_depth=3 component_type=helengine.SpriteComponent source=authored"
asset.build class="texture" asset_id="9d6bac78e9212cae390f43fa8618b33d693dc28138289887abdaece9c1a6d13c" build_count=1 duplicate=false live_resource_count=8 detail="width=116 height=52 runtime_asset_id=7534762477961520121 scene_load_stage=LoadComponentBegin root_entity_index=17 entity_depth=3 component_type=helengine.SpriteComponent source=authored"
host.event category="material-constant-buffer" message="slot=3 size_in_bytes=16 live_material_constant_buffers=1 live_material_constant_buffer_bytes=16"
host.event category="lifecycle" message="Host shutdown requested with exit code 0."
