3d.draw begin
3d.camera_count=1
3d.render_camera viewport=0.000000,0.000000,1280.000000,720.000000
3d.visible_lights=1
3d.ambient_light=0.000000,0.000000,0.000000
3d.packed_lights=1
3d.shadow_light=none
3d.material_id=Materials.rendering.colored_cube_grid.Cube00
3d.material_path=packaged_shader
3d.material_id=Materials.rendering.colored_cube_grid.Cube01
3d.material_path=packaged_shader
3d.material_id=Materials.rendering.colored_cube_grid.Cube02
3d.material_path=packaged_shader
2d.render_camera queue_count=11 viewport=0.000000,0.000000,1280.000000,720.000000
2d.command rounded_rect bounds=24.000000,614.000000,292.000000,76.000000
2d.summary command_count=63 command_textured_quads=6 command_glyph_quads=56 command_rounded_rects=1
3d.draw begin
3d.camera_count=1
3d.render_camera viewport=0.000000,0.000000,1280.000000,720.000000
3d.visible_lights=1
3d.ambient_light=0.000000,0.000000,0.000000
3d.packed_lights=1
3d.shadow_light=none
3d.material_id=Materials.rendering.colored_cube_grid.Cube00
3d.material_path=packaged_shader
3d.material_id=Materials.rendering.colored_cube_grid.Cube01
3d.material_path=packaged_shader
3d.material_id=Materials.rendering.colored_cube_grid.Cube02
3d.material_path=packaged_shader
2d.render_camera queue_count=11 viewport=0.000000,0.000000,1280.000000,720.000000
2d.command rounded_rect bounds=24.000000,614.000000,292.000000,76.000000
2d.summary command_count=63 command_textured_quads=6 command_glyph_quads=56 command_rounded_rects=1
